// Jest Snapshot v1, https://goo.gl/fbAQLP

exports[`<Button /> % default snapshots with the rendered output 1`] = `
<DocumentFragment>
  <button
    class="ub-pst_relative ub-f-wght_500 ub-dspl_inline-flex ub-algn-itms_center ub-flx-wrap_nowrap ub-just-cnt_center ub-txt-deco_none ub-ver-algn_middle ub-b-btm_1px-solid-c1c4d6 ub-b-lft_1px-solid-c1c4d6 ub-b-rgt_1px-solid-c1c4d6 ub-b-top_1px-solid-c1c4d6 ub-otln_iu2jf4 ub-usr-slct_none ub-crsr_pointer ub-wht-spc_nowrap ub-fnt-fam_b77syt ub-bblr_4px ub-bbrr_4px ub-btlr_4px ub-btrr_4px ub-color_474d66 ub-tstn_n1akt6 ub-h_32px ub-min-w_32px ub-fnt-sze_12px ub-ln-ht_32px ub-pl_16px ub-pr_16px ub-bg-clr_white ub-bs_13po50p_xpy5ci ub-crsr_not-allowed_yzzm16 ub-ptr-evts_none_yzzm16 ub-color_c1c4d6_yzzm16 ub-b-btm-clr_E6E8F0_yzzm16 ub-b-lft-clr_E6E8F0_yzzm16 ub-b-rgt-clr_E6E8F0_yzzm16 ub-b-top-clr_E6E8F0_yzzm16 ub-b-btm_1px-solid-8f95b2_vmhk7m ub-b-lft_1px-solid-8f95b2_vmhk7m ub-b-rgt_1px-solid-8f95b2_vmhk7m ub-b-top_1px-solid-8f95b2_vmhk7m ub-bg-clr_FAFBFF_vmhk7m ub-bg-clr_F4F5F9_hxa9p6 ub-box-szg_border-box"
  />
</DocumentFragment>
`;
