// Jest Snapshot v1, https://goo.gl/fbAQLP

exports[`<FilePicker /> snapshot - multiple files selected 1`] = `
<DocumentFragment>
  <div
    class="evergreen-file-picker-root ub-dspl_flex ub-box-szg_border-box"
  >
    <input
      class="evergreen-file-picker-file-input ub-dspl_none ub-box-szg_border-box"
      multiple=""
      type="file"
    />
    <input
      aria-invalid="false"
      class="evergreen-file-picker-text-input ub-w_280px ub-fnt-fam_b77syt ub-otln_iu2jf4 ub-txt-deco_none ub-b-btm-clr_d8dae5 ub-b-lft-clr_d8dae5 ub-b-rgt-clr_d8dae5 ub-b-top-clr_d8dae5 ub-bblr_4px ub-bbrr_0-important ub-btlr_4px ub-btrr_0-important ub-b-btm-stl_solid ub-b-lft-stl_solid ub-b-rgt-stl_solid ub-b-top-stl_solid ub-b-btm-wdt_1px ub-b-lft-wdt_1px ub-b-rgt-wdt_1px ub-b-top-wdt_1px ub-color_474d66 ub-fnt-sze_12px ub-ln-ht_16px ub-pl_12px ub-pr_12px ub-tstn_n1akt6 ub-h_32px ub-bg-clr_white ub-color_8f95b2_1b2gqua ub-crsr_not-allowed_10nxvc1 ub-bg-clr_F4F5F9_10nxvc1 ub-color_696f8c_10nxvc1 ub-z-idx_2_1bcl2f4 ub-bs_13po50p_1bcl2f4 ub-b-btm-clr_ADC2FF_1bcl2f4 ub-b-lft-clr_ADC2FF_1bcl2f4 ub-b-rgt-clr_ADC2FF_1bcl2f4 ub-b-top-clr_ADC2FF_1bcl2f4 ub-b-btm-clr_D14343_fpx4do ub-b-lft-clr_D14343_fpx4do ub-b-rgt-clr_D14343_fpx4do ub-b-top-clr_D14343_fpx4do ub-flx_1 ub-txt-ovrf_ellipsis ub-f-wght_400 ub-ltr-spc_0 ub-box-szg_border-box"
      placeholder="Select a file to upload…"
      readonly=""
      spellcheck="true"
      type="text"
      value="2 files"
    />
    <button
      class="evergreen-file-picker-button ub-pst_relative ub-f-wght_400 ub-dspl_inline-flex ub-algn-itms_center ub-flx-wrap_nowrap ub-just-cnt_center ub-txt-deco_none ub-ver-algn_middle ub-b-btm_1px-solid-c1c4d6 ub-b-lft_1px-solid-c1c4d6 ub-b-rgt_1px-solid-c1c4d6 ub-b-top_1px-solid-c1c4d6 ub-otln_iu2jf4 ub-usr-slct_none ub-crsr_pointer ub-wht-spc_nowrap ub-fnt-fam_b77syt ub-bblr_0px ub-bbrr_4px ub-btlr_0px ub-btrr_4px ub-color_474d66 ub-tstn_n1akt6 ub-h_32px ub-min-w_32px ub-fnt-sze_12px ub-ln-ht_16px ub-pl_16px ub-pr_16px ub-bg-clr_white ub-bs_13po50p_xpy5ci ub-crsr_not-allowed_yzzm16 ub-ptr-evts_none_yzzm16 ub-color_c1c4d6_yzzm16 ub-b-btm-clr_E6E8F0_yzzm16 ub-b-lft-clr_E6E8F0_yzzm16 ub-b-rgt-clr_E6E8F0_yzzm16 ub-b-top-clr_E6E8F0_yzzm16 ub-b-btm_1px-solid-8f95b2_vmhk7m ub-b-lft_1px-solid-8f95b2_vmhk7m ub-b-rgt_1px-solid-8f95b2_vmhk7m ub-b-top_1px-solid-8f95b2_vmhk7m ub-bg-clr_FAFBFF_vmhk7m ub-bg-clr_F4F5F9_hxa9p6 ub-ml_-1px ub-flx-srnk_0 ub-ltr-spc_0 ub-box-szg_border-box"
      type="button"
    >
      Replace files
    </button>
  </div>
</DocumentFragment>
`;

exports[`<FilePicker /> snapshot - no file selected 1`] = `
<DocumentFragment>
  <div
    class="evergreen-file-picker-root ub-dspl_flex ub-box-szg_border-box"
  >
    <input
      class="evergreen-file-picker-file-input ub-dspl_none ub-box-szg_border-box"
      type="file"
    />
    <input
      aria-invalid="false"
      class="evergreen-file-picker-text-input ub-w_280px ub-fnt-fam_b77syt ub-otln_iu2jf4 ub-txt-deco_none ub-b-btm-clr_d8dae5 ub-b-lft-clr_d8dae5 ub-b-rgt-clr_d8dae5 ub-b-top-clr_d8dae5 ub-bblr_4px ub-bbrr_0-important ub-btlr_4px ub-btrr_0-important ub-b-btm-stl_solid ub-b-lft-stl_solid ub-b-rgt-stl_solid ub-b-top-stl_solid ub-b-btm-wdt_1px ub-b-lft-wdt_1px ub-b-rgt-wdt_1px ub-b-top-wdt_1px ub-color_474d66 ub-fnt-sze_12px ub-ln-ht_16px ub-pl_12px ub-pr_12px ub-tstn_n1akt6 ub-h_32px ub-bg-clr_white ub-color_8f95b2_1b2gqua ub-crsr_not-allowed_10nxvc1 ub-bg-clr_F4F5F9_10nxvc1 ub-color_696f8c_10nxvc1 ub-z-idx_2_1bcl2f4 ub-bs_13po50p_1bcl2f4 ub-b-btm-clr_ADC2FF_1bcl2f4 ub-b-lft-clr_ADC2FF_1bcl2f4 ub-b-rgt-clr_ADC2FF_1bcl2f4 ub-b-top-clr_ADC2FF_1bcl2f4 ub-b-btm-clr_D14343_fpx4do ub-b-lft-clr_D14343_fpx4do ub-b-rgt-clr_D14343_fpx4do ub-b-top-clr_D14343_fpx4do ub-flx_1 ub-txt-ovrf_ellipsis ub-f-wght_400 ub-ltr-spc_0 ub-box-szg_border-box"
      placeholder="Select a file to upload…"
      readonly=""
      spellcheck="true"
      type="text"
      value=""
    />
    <button
      class="evergreen-file-picker-button ub-pst_relative ub-f-wght_400 ub-dspl_inline-flex ub-algn-itms_center ub-flx-wrap_nowrap ub-just-cnt_center ub-txt-deco_none ub-ver-algn_middle ub-b-btm_1px-solid-c1c4d6 ub-b-lft_1px-solid-c1c4d6 ub-b-rgt_1px-solid-c1c4d6 ub-b-top_1px-solid-c1c4d6 ub-otln_iu2jf4 ub-usr-slct_none ub-crsr_pointer ub-wht-spc_nowrap ub-fnt-fam_b77syt ub-bblr_0px ub-bbrr_4px ub-btlr_0px ub-btrr_4px ub-color_474d66 ub-tstn_n1akt6 ub-h_32px ub-min-w_32px ub-fnt-sze_12px ub-ln-ht_16px ub-pl_16px ub-pr_16px ub-bg-clr_white ub-bs_13po50p_xpy5ci ub-crsr_not-allowed_yzzm16 ub-ptr-evts_none_yzzm16 ub-color_c1c4d6_yzzm16 ub-b-btm-clr_E6E8F0_yzzm16 ub-b-lft-clr_E6E8F0_yzzm16 ub-b-rgt-clr_E6E8F0_yzzm16 ub-b-top-clr_E6E8F0_yzzm16 ub-b-btm_1px-solid-8f95b2_vmhk7m ub-b-lft_1px-solid-8f95b2_vmhk7m ub-b-rgt_1px-solid-8f95b2_vmhk7m ub-b-top_1px-solid-8f95b2_vmhk7m ub-bg-clr_FAFBFF_vmhk7m ub-bg-clr_F4F5F9_hxa9p6 ub-ml_-1px ub-flx-srnk_0 ub-ltr-spc_0 ub-box-szg_border-box"
      type="button"
    >
      Select file
    </button>
  </div>
</DocumentFragment>
`;

exports[`<FilePicker /> snapshot - one file seleted 1`] = `
<DocumentFragment>
  <div
    class="evergreen-file-picker-root ub-dspl_flex ub-box-szg_border-box"
  >
    <input
      class="evergreen-file-picker-file-input ub-dspl_none ub-box-szg_border-box"
      type="file"
    />
    <input
      aria-invalid="false"
      class="evergreen-file-picker-text-input ub-w_280px ub-fnt-fam_b77syt ub-otln_iu2jf4 ub-txt-deco_none ub-b-btm-clr_d8dae5 ub-b-lft-clr_d8dae5 ub-b-rgt-clr_d8dae5 ub-b-top-clr_d8dae5 ub-bblr_4px ub-bbrr_0-important ub-btlr_4px ub-btrr_0-important ub-b-btm-stl_solid ub-b-lft-stl_solid ub-b-rgt-stl_solid ub-b-top-stl_solid ub-b-btm-wdt_1px ub-b-lft-wdt_1px ub-b-rgt-wdt_1px ub-b-top-wdt_1px ub-color_474d66 ub-fnt-sze_12px ub-ln-ht_16px ub-pl_12px ub-pr_12px ub-tstn_n1akt6 ub-h_32px ub-bg-clr_white ub-color_8f95b2_1b2gqua ub-crsr_not-allowed_10nxvc1 ub-bg-clr_F4F5F9_10nxvc1 ub-color_696f8c_10nxvc1 ub-z-idx_2_1bcl2f4 ub-bs_13po50p_1bcl2f4 ub-b-btm-clr_ADC2FF_1bcl2f4 ub-b-lft-clr_ADC2FF_1bcl2f4 ub-b-rgt-clr_ADC2FF_1bcl2f4 ub-b-top-clr_ADC2FF_1bcl2f4 ub-b-btm-clr_D14343_fpx4do ub-b-lft-clr_D14343_fpx4do ub-b-rgt-clr_D14343_fpx4do ub-b-top-clr_D14343_fpx4do ub-flx_1 ub-txt-ovrf_ellipsis ub-f-wght_400 ub-ltr-spc_0 ub-box-szg_border-box"
      placeholder="Select a file to upload…"
      readonly=""
      spellcheck="true"
      type="text"
      value="chucknorris.png"
    />
    <button
      class="evergreen-file-picker-button ub-pst_relative ub-f-wght_400 ub-dspl_inline-flex ub-algn-itms_center ub-flx-wrap_nowrap ub-just-cnt_center ub-txt-deco_none ub-ver-algn_middle ub-b-btm_1px-solid-c1c4d6 ub-b-lft_1px-solid-c1c4d6 ub-b-rgt_1px-solid-c1c4d6 ub-b-top_1px-solid-c1c4d6 ub-otln_iu2jf4 ub-usr-slct_none ub-crsr_pointer ub-wht-spc_nowrap ub-fnt-fam_b77syt ub-bblr_0px ub-bbrr_4px ub-btlr_0px ub-btrr_4px ub-color_474d66 ub-tstn_n1akt6 ub-h_32px ub-min-w_32px ub-fnt-sze_12px ub-ln-ht_16px ub-pl_16px ub-pr_16px ub-bg-clr_white ub-bs_13po50p_xpy5ci ub-crsr_not-allowed_yzzm16 ub-ptr-evts_none_yzzm16 ub-color_c1c4d6_yzzm16 ub-b-btm-clr_E6E8F0_yzzm16 ub-b-lft-clr_E6E8F0_yzzm16 ub-b-rgt-clr_E6E8F0_yzzm16 ub-b-top-clr_E6E8F0_yzzm16 ub-b-btm_1px-solid-8f95b2_vmhk7m ub-b-lft_1px-solid-8f95b2_vmhk7m ub-b-rgt_1px-solid-8f95b2_vmhk7m ub-b-top_1px-solid-8f95b2_vmhk7m ub-bg-clr_FAFBFF_vmhk7m ub-bg-clr_F4F5F9_hxa9p6 ub-ml_-1px ub-flx-srnk_0 ub-ltr-spc_0 ub-box-szg_border-box"
      type="button"
    >
      Replace file
    </button>
  </div>
</DocumentFragment>
`;
